
There are no discarded input sections

Memory Configuration

Name             Origin             Length             Attributes
RAM              0x0000000000080000 0x0000000008000000 xrw
*default*        0x0000000000000000 0xffffffffffffffff

Linker script and memory map

                0x0000000000010000                _estack_size = 0x10000

.text.boot      0x0000000000080000       0x4c
 *(.text.boot)
 .text.boot     0x0000000000080000       0x4c build/boot_s.o
                0x0000000000080000                _start

.text           0x000000000008004c     0x188c
 *(.text)
 .text          0x000000000008004c      0x114 build/checksum_c.o
                0x000000000008004c                compute_xor_checksum
                0x00000000000800a4                update_reference_checksums
 .text          0x0000000000080160      0x37c build/commands_c.o
                0x0000000000080160                send_banner
                0x00000000000801c0                send_command_description
                0x0000000000080234                set_curr_arr_size
                0x0000000000080258                get_curr_arr_size
                0x0000000000080268                do_fill
                0x00000000000802e8                do_fill_incremental
                0x000000000008034c                do_checksum_xor
                0x0000000000080440                send_first_16_elements
 .text          0x00000000000804dc      0x758 build/emfi_test_c.o
                0x0000000000080560                run_emfi_test
                0x0000000000080a48                print_diff_range
                0x0000000000080ad8                print_array_diffs
 .text          0x0000000000080c34      0x200 build/gpio_c.o
                0x0000000000080c34                gpio_pin_set_func
                0x0000000000080d14                gpio_pin_enable
                0x0000000000080da4                gpio_set
 .text          0x0000000000080e34      0x348 build/kernel_c.o
                0x0000000000080e34                kernel_main
 .text          0x000000000008117c      0x5bc build/pl011_uart_c.o
                0x000000000008117c                uart_init
                0x0000000000081244                uart_flush
                0x00000000000812a8                uart_send
                0x00000000000812e8                uart_recv
                0x0000000000081318                uart_send_string
                0x0000000000081374                uart_line_breaks
                0x00000000000813c0                uart_send_hex
                0x000000000008144c                uart_receive_number
                0x0000000000081578                uart_send_dec
                0x000000000008164c                uart_send_dec64
                0x0000000000081718                uart_read_ready
 .text          0x0000000000081738      0x174 build/test_array_c.o
                0x0000000000081738                test_array_fill
                0x00000000000817ec                test_array_fill_incremental
                0x0000000000081848                test_array_increment
 .text          0x00000000000818ac        0x0 build/boot_s.o
 .text          0x00000000000818ac       0x10 build/mm_s.o
                0x00000000000818ac                memzero
 .text          0x00000000000818bc       0x1c build/utils_s.o
                0x00000000000818bc                delay
                0x00000000000818c8                put32
                0x00000000000818d0                get32

.iplt           0x00000000000818d8        0x0
 .iplt          0x00000000000818d8        0x0 build/checksum_c.o

.rodata         0x00000000000818d8      0xdf2
 *(.rodata)
 .rodata        0x00000000000818d8       0x52 build/checksum_c.o
 *fill*         0x000000000008192a        0x6 
 .rodata        0x0000000000081930      0x8df build/commands_c.o
 *fill*         0x000000000008220f        0x1 
 .rodata        0x0000000000082210      0x2be build/emfi_test_c.o
 *fill*         0x00000000000824ce        0x2 
 .rodata        0x00000000000824d0      0x1b6 build/kernel_c.o
 *fill*         0x0000000000082686        0x2 
 .rodata        0x0000000000082688       0x24 build/pl011_uart_c.o
 *fill*         0x00000000000826ac        0x4 
 .rodata        0x00000000000826b0       0x1a build/test_array_c.o

.eh_frame       0x00000000000826d0      0x3d0
 .eh_frame      0x00000000000826d0       0x50 build/checksum_c.o
 .eh_frame      0x0000000000082720       0xf0 build/commands_c.o
                                        0x100 (size before relaxing)
 .eh_frame      0x0000000000082810       0x98 build/emfi_test_c.o
                                         0xb0 (size before relaxing)
 .eh_frame      0x00000000000828a8       0x50 build/gpio_c.o
                                         0x68 (size before relaxing)
 .eh_frame      0x00000000000828f8       0x18 build/kernel_c.o
                                         0x30 (size before relaxing)
 .eh_frame      0x0000000000082910      0x130 build/pl011_uart_c.o
                                        0x148 (size before relaxing)
 .eh_frame      0x0000000000082a40       0x60 build/test_array_c.o
                                         0x78 (size before relaxing)

.rela.dyn       0x0000000000082aa0        0x0
 .rela.iplt     0x0000000000082aa0        0x0 build/checksum_c.o
 .rela.got      0x0000000000082aa0        0x0 build/checksum_c.o
 .rela.text.boot
                0x0000000000082aa0        0x0 build/checksum_c.o

.data           0x0000000000082aa0        0x4
 *(.data)
 .data          0x0000000000082aa0        0x0 build/checksum_c.o
 .data          0x0000000000082aa0        0x4 build/commands_c.o
 .data          0x0000000000082aa4        0x0 build/emfi_test_c.o
 .data          0x0000000000082aa4        0x0 build/gpio_c.o
 .data          0x0000000000082aa4        0x0 build/kernel_c.o
 .data          0x0000000000082aa4        0x0 build/pl011_uart_c.o
 .data          0x0000000000082aa4        0x0 build/test_array_c.o
 .data          0x0000000000082aa4        0x0 build/boot_s.o
 .data          0x0000000000082aa4        0x0 build/mm_s.o
 .data          0x0000000000082aa4        0x0 build/utils_s.o

.igot.plt       0x0000000000082aa8        0x0
 .igot.plt      0x0000000000082aa8        0x0 build/checksum_c.o

.got            0x0000000000082aa8       0x28
 .got           0x0000000000082aa8       0x28 build/checksum_c.o
                0x0000000000082aa8                _GLOBAL_OFFSET_TABLE_

.got.plt        0x0000000000082ad0       0x18
 .got.plt       0x0000000000082ad0       0x18 build/checksum_c.o
                0x0000000000082ae8                . = ALIGN (0x8)
                0x0000000000082ae8                bss_begin = .

.bss            0x0000000000082ae8        0x8
 *(.bss*)
 .bss           0x0000000000082ae8        0x0 build/checksum_c.o
 .bss           0x0000000000082ae8        0x1 build/commands_c.o
 *fill*         0x0000000000082ae9        0x3 
 .bss           0x0000000000082aec        0x4 build/emfi_test_c.o
 .bss           0x0000000000082af0        0x0 build/gpio_c.o
 .bss           0x0000000000082af0        0x0 build/kernel_c.o
 .bss           0x0000000000082af0        0x0 build/pl011_uart_c.o
 .bss           0x0000000000082af0        0x0 build/test_array_c.o
 .bss           0x0000000000082af0        0x0 build/boot_s.o
 .bss           0x0000000000082af0        0x0 build/mm_s.o
 .bss           0x0000000000082af0        0x0 build/utils_s.o
 *(COMMON)
                0x0000000000082af0                bss_end = .

.large_bss      0x0000000000082af0   0x209020
 *(.large_bss)
 .large_bss     0x0000000000082af0   0x209020 build/kernel_c.o
                0x0000000000082af0                arr

.ref_arr_bss    0x000000000028bb10   0x209020
 *(.ref_arr_bss)
 .ref_arr_bss   0x000000000028bb10   0x209020 build/kernel_c.o
                0x000000000028bb10                ref_arr
                0x0000000008080000                _stack_top = (ORIGIN (RAM) + LENGTH (RAM))
                0x0000000008070000                . = (_stack_top - _estack_size)

.stack          0x0000000000494b30    0x10000
                0x0000000000494b30                __stack_start = .
                0x00000000004a4b30                . = (. + _estack_size)
 *fill*         0x0000000000494b30    0x10000 
                0x00000000004a4b30                __stack_end = .
LOAD build/checksum_c.o
LOAD build/commands_c.o
LOAD build/emfi_test_c.o
LOAD build/gpio_c.o
LOAD build/kernel_c.o
LOAD build/pl011_uart_c.o
LOAD build/test_array_c.o
LOAD build/boot_s.o
LOAD build/mm_s.o
LOAD build/utils_s.o
OUTPUT(build/kernel8-rpi4.elf elf64-littleaarch64)
LOAD linker stubs

.comment        0x0000000000000000       0x2b
 .comment       0x0000000000000000       0x2b build/checksum_c.o
                                         0x2c (size before relaxing)
 .comment       0x000000000000002b       0x2c build/commands_c.o
 .comment       0x000000000000002b       0x2c build/emfi_test_c.o
 .comment       0x000000000000002b       0x2c build/gpio_c.o
 .comment       0x000000000000002b       0x2c build/kernel_c.o
 .comment       0x000000000000002b       0x2c build/pl011_uart_c.o
 .comment       0x000000000000002b       0x2c build/test_array_c.o

.note.GNU-stack
                0x0000000000000000        0x0
 .note.GNU-stack
                0x0000000000000000        0x0 build/checksum_c.o
 .note.GNU-stack
                0x0000000000000000        0x0 build/commands_c.o
 .note.GNU-stack
                0x0000000000000000        0x0 build/emfi_test_c.o
 .note.GNU-stack
                0x0000000000000000        0x0 build/gpio_c.o
 .note.GNU-stack
                0x0000000000000000        0x0 build/kernel_c.o
 .note.GNU-stack
                0x0000000000000000        0x0 build/pl011_uart_c.o
 .note.GNU-stack
                0x0000000000000000        0x0 build/test_array_c.o
